[  2877.382] 
X.Org X Server 1.21.1.24
X Protocol Version 11, Revision 0
[  2877.385] Current Operating System: Linux echo 7.2.6-arch2-1 #1 SMP PREEMPT_DYNAMIC Mon, 14 Sep 2026 22:41:30 +0000 x86_64
[  2877.385] Kernel command line: root=PARTUUID=69f51daa-77f0-4c1b-a586-0c84cfcb4450 zswap.enabled=0 rw rootfstype=ext4
[  2877.388]  
[  2877.389] Current version of pixman: 0.46.4
[  2877.391] 	Before reporting problems, check http://wiki.x.org
	to make sure that you have the latest version.
[  2877.391] Markers: (--) probed, (**) from config file, (==) default setting,
	(++) from command line, (!!) notice, (II) informational,
	(WW) warning, (EE) error, (NI) not implemented, (??) unknown.
[  2877.395] (==) Log file: "/home/pg/.local/share/xorg/Xorg.0.log", Time: Tue Sep 22 11:51:24 2026
[  2877.396] (==) Using config directory: "/etc/X11/xorg.conf.d"
[  2877.397] (==) Using system config directory "/usr/share/X11/xorg.conf.d"
[  2877.398] (==) No Layout section.  Using the first Screen section.
[  2877.398] (==) No screen section available. Using defaults.
[  2877.398] (**) |-->Screen "Default Screen Section" (0)
[  2877.398] (**) |   |-->Monitor "<default monitor>"
[  2877.398] (==) No monitor specified for screen "Default Screen Section".
	Using a default monitor configuration.
[  2877.398] (**) Allowing byte-swapped clients
[  2877.398] (==) Automatically adding devices
[  2877.398] (==) Automatically enabling devices
[  2877.398] (==) Automatically adding GPU devices
[  2877.398] (==) Automatically binding GPU devices
[  2877.398] (==) Max clients allowed: 256, resource mask: 0x1fffff
[  2877.398] (WW) The directory "/usr/share/fonts/misc" does not exist.
[  2877.398] 	Entry deleted from font path.
[  2877.398] (WW) `fonts.dir' not found (or not valid) in "/usr/share/fonts/TTF".
[  2877.398] 	Entry deleted from font path.
[  2877.398] 	(Run 'mkfontdir' on "/usr/share/fonts/TTF").
[  2877.398] (WW) The directory "/usr/share/fonts/OTF" does not exist.
[  2877.398] 	Entry deleted from font path.
[  2877.398] (WW) The directory "/usr/share/fonts/Type1" does not exist.
[  2877.398] 	Entry deleted from font path.
[  2877.398] (WW) The directory "/usr/share/fonts/100dpi" does not exist.
[  2877.398] 	Entry deleted from font path.
[  2877.398] (WW) The directory "/usr/share/fonts/75dpi" does not exist.
[  2877.398] 	Entry deleted from font path.
[  2877.398] (==) FontPath set to:
	
[  2877.398] (==) ModulePath set to "/usr/lib/xorg/modules"
[  2877.398] (II) The server relies on udev to provide the list of input devices.
	If no devices become available, reconfigure udev or disable AutoAddDevices.
[  2877.398] (II) Module ABI versions:
[  2877.398] 	X.Org ANSI C Emulation: 0.4
[  2877.398] 	X.Org Video Driver: 25.2
[  2877.398] 	X.Org XInput driver : 24.4
[  2877.398] 	X.Org Server Extension : 10.0
[  2877.399] (++) using VT number 1

[  2877.401] (II) systemd-logind: took control of session /org/freedesktop/login1/session/_31
[  2877.404] (II) xfree86: Adding drm device (/dev/dri/card1)
[  2877.404] (II) Platform probe for /sys/devices/pci0000:00/0000:00:02.0/drm/card1
[  2877.418] (II) systemd-logind: got fd for /dev/dri/card1 226:1 fd 13 paused 0
[  2877.420] (--) PCI:*(0@0:2:0) 8086:5921:1028:08d2 rev 6, Mem @ 0xd0000000/16777216, 0xc0000000/268435456, I/O @ 0x0000f000/64, BIOS @ 0x????????/131072
[  2877.420] (II) LoadModule: "glx"
[  2877.420] (II) Loading /usr/lib/xorg/modules/extensions/libglx.so
[  2877.422] (II) Module glx: vendor="X.Org Foundation"
[  2877.422] 	compiled for 1.21.1.24, module version = 1.0.0
[  2877.422] 	ABI class: X.Org Server Extension, version 10.0
[  2877.422] (==) Matched intel as autoconfigured driver 0
[  2877.422] (==) Matched modesetting as autoconfigured driver 1
[  2877.422] (==) Matched fbdev as autoconfigured driver 2
[  2877.422] (==) Matched vesa as autoconfigured driver 3
[  2877.422] (==) Assigned the driver to the xf86ConfigLayout
[  2877.422] (II) LoadModule: "intel"
[  2877.422] (WW) Warning, couldn't open module intel
[  2877.422] (EE) Failed to load module "intel" (module does not exist, 0)
[  2877.422] (II) LoadModule: "modesetting"
[  2877.422] (II) Loading /usr/lib/xorg/modules/drivers/modesetting_drv.so
[  2877.451] (II) Module modesetting: vendor="X.Org Foundation"
[  2877.451] 	compiled for 1.21.1.24, module version = 1.21.1
[  2877.451] 	Module class: X.Org Video Driver
[  2877.451] 	ABI class: X.Org Video Driver, version 25.2
[  2877.451] (II) LoadModule: "fbdev"
[  2877.452] (WW) Warning, couldn't open module fbdev
[  2877.452] (EE) Failed to load module "fbdev" (module does not exist, 0)
[  2877.452] (II) LoadModule: "vesa"
[  2877.452] (WW) Warning, couldn't open module vesa
[  2877.452] (EE) Failed to load module "vesa" (module does not exist, 0)
[  2877.452] (II) modesetting: Driver for Modesetting Kernel Drivers: kms
[  2877.452] (II) modeset(0): using drv /dev/dri/card1
[  2877.452] (WW) VGA arbiter: cannot open kernel arbiter, no multi-card support
[  2877.452] (II) modeset(0): Creating default Display subsection in Screen section
	"Default Screen Section" for depth/fbbpp 24/32
[  2877.452] (==) modeset(0): Depth 24, (==) framebuffer bpp 32
[  2877.452] (==) modeset(0): RGB weight 888
[  2877.452] (==) modeset(0): Default visual is TrueColor
[  2877.452] (II) Loading sub module "glamoregl"
[  2877.452] (II) LoadModule: "glamoregl"
[  2877.452] (II) Loading /usr/lib/xorg/modules/libglamoregl.so
[  2877.474] (II) Module glamoregl: vendor="X.Org Foundation"
[  2877.474] 	compiled for 1.21.1.24, module version = 1.0.1
[  2877.474] 	ABI class: X.Org ANSI C Emulation, version 0.4
[  2877.572] (II) modeset(0): glamor: Using OpenGL 4.6 context.
[  2877.572] (II) modeset(0): glamor X acceleration enabled on Mesa Intel(R) HD Graphics 620 (KBL GT2F)
[  2877.572] (II) modeset(0): glamor initialized
[  2877.572] (==) modeset(0): VariableRefresh: disabled
[  2877.572] (==) modeset(0): AsyncFlipSecondaries: disabled
[  2877.573] (II) modeset(0): Output eDP-1 has no monitor section
[  2877.576] (II) modeset(0): Output HDMI-1 has no monitor section
[  2877.580] (II) modeset(0): Output DP-1 has no monitor section
[  2877.651] (II) modeset(0): Output HDMI-2 has no monitor section
[  2877.652] (II) modeset(0): EDID for output eDP-1
[  2877.652] (II) modeset(0): Manufacturer: BOE  Model: 808  Serial#: 0
[  2877.652] (II) modeset(0): Year: 2018  Week: 1
[  2877.652] (II) modeset(0): EDID Version: 1.4
[  2877.652] (II) modeset(0): Digital Display Input
[  2877.652] (II) modeset(0): 6 bits per channel
[  2877.652] (II) modeset(0): Digital interface is DisplayPort
[  2877.652] (II) modeset(0): Max Image Size [cm]: horiz.: 34  vert.: 19
[  2877.652] (II) modeset(0): Gamma: 2.20
[  2877.652] (II) modeset(0): No DPMS capabilities specified
[  2877.652] (II) modeset(0): Supported color encodings: RGB 4:4:4 YCrCb 4:4:4 
[  2877.652] (II) modeset(0): First detailed timing is preferred mode
[  2877.652] (II) modeset(0): Preferred mode is native pixel format and refresh rate
[  2877.653] (II) modeset(0): redX: 0.590 redY: 0.350   greenX: 0.329 greenY: 0.555
[  2877.653] (II) modeset(0): blueX: 0.152 blueY: 0.118   whiteX: 0.312 whiteY: 0.328
[  2877.653] (II) modeset(0): Manufacturer's mask: 0
[  2877.653] (II) modeset(0): Supported detailed timing:
[  2877.653] (II) modeset(0): clock: 70.1 MHz   Image Size:  344 x 194 mm
[  2877.653] (II) modeset(0): h_active: 1366  h_sync: 1414  h_sync_end 1446 h_blank_end 1485 h_border: 0
[  2877.653] (II) modeset(0): v_active: 768  v_sync: 771  v_sync_end 777 v_blanking: 787 v_border: 0
[  2877.653] (II) modeset(0): Supported detailed timing:
[  2877.653] (II) modeset(0): clock: 60.5 MHz   Image Size:  344 x 194 mm
[  2877.653] (II) modeset(0): h_active: 1366  h_sync: 1414  h_sync_end 1446 h_blank_end 1551 h_border: 0
[  2877.653] (II) modeset(0): v_active: 768  v_sync: 771  v_sync_end 777 v_blanking: 813 v_border: 0
[  2877.653] (II) modeset(0):  9CV35€NT15N42
[  2877.653] (II) modeset(0): Unknown vendor-specific block 0
[  2877.653] (II) modeset(0): EDID (in hex):
[  2877.653] (II) modeset(0): 	00ffffffffffff0009e5080800000000
[  2877.653] (II) modeset(0): 	011c0104952213780a24109759548e27
[  2877.653] (II) modeset(0): 	1e505400000001010101010101010101
[  2877.653] (II) modeset(0): 	010101010101641b5677500013303020
[  2877.653] (II) modeset(0): 	360058c21000001aa21756b950002d30
[  2877.653] (II) modeset(0): 	3020360058c21000001a000000fe0039
[  2877.653] (II) modeset(0): 	43563335804e5431354e343200000000
[  2877.653] (II) modeset(0): 	00004101940010000009010a20200005
[  2877.653] (II) modeset(0): Printing probed modes for output eDP-1
[  2877.653] (II) modeset(0): Modeline "1366x768"x60.0   70.12  1366 1414 1446 1485  768 771 777 787 +hsync -vsync (47.2 kHz eP)
[  2877.653] (II) modeset(0): Modeline "1366x768"x48.0   60.50  1366 1414 1446 1551  768 771 777 813 +hsync -vsync (39.0 kHz e)
[  2877.653] (II) modeset(0): Modeline "1280x720"x120.0  156.12  1280 1376 1512 1744  720 721 724 746 doublescan -hsync +vsync (89.5 kHz d)
[  2877.653] (II) modeset(0): Modeline "1280x720"x120.0  120.75  1280 1304 1320 1360  720 721 724 740 doublescan +hsync -vsync (88.8 kHz d)
[  2877.653] (II) modeset(0): Modeline "1280x720"x59.9   74.50  1280 1344 1472 1664  720 723 728 748 -hsync +vsync (44.8 kHz d)
[  2877.653] (II) modeset(0): Modeline "1280x720"x59.7   63.75  1280 1328 1360 1440  720 723 728 741 +hsync -vsync (44.3 kHz d)
[  2877.653] (II) modeset(0): Modeline "1024x768"x120.1  133.47  1024 1100 1212 1400  768 768 770 794 doublescan -hsync +vsync (95.3 kHz d)
[  2877.653] (II) modeset(0): Modeline "1024x768"x60.0   65.00  1024 1048 1184 1344  768 771 777 806 -hsync -vsync (48.4 kHz d)
[  2877.653] (II) modeset(0): Modeline "960x720"x120.0  117.00  960 1024 1128 1300  720 720 722 750 doublescan -hsync +vsync (90.0 kHz d)
[  2877.653] (II) modeset(0): Modeline "928x696"x120.1  109.15  928 976 1088 1264  696 696 698 719 doublescan -hsync +vsync (86.4 kHz d)
[  2877.653] (II) modeset(0): Modeline "896x672"x120.0  102.40  896 960 1060 1224  672 672 674 697 doublescan -hsync +vsync (83.7 kHz d)
[  2877.653] (II) modeset(0): Modeline "1024x576"x119.9   98.50  1024 1092 1200 1376  576 577 580 597 doublescan -hsync +vsync (71.6 kHz d)
[  2877.653] (II) modeset(0): Modeline "1024x576"x119.9   78.38  1024 1048 1064 1104  576 577 580 592 doublescan +hsync -vsync (71.0 kHz d)
[  2877.653] (II) modeset(0): Modeline "1024x576"x59.9   46.50  1024 1064 1160 1296  576 579 584 599 -hsync +vsync (35.9 kHz d)
[  2877.653] (II) modeset(0): Modeline "1024x576"x59.8   42.00  1024 1072 1104 1184  576 579 584 593 +hsync -vsync (35.5 kHz d)
[  2877.653] (II) modeset(0): Modeline "960x600"x119.9   96.62  960 1028 1128 1296  600 601 604 622 doublescan -hsync +vsync (74.6 kHz d)
[  2877.653] (II) modeset(0): Modeline "960x600"x120.0   77.00  960 984 1000 1040  600 601 604 617 doublescan +hsync -vsync (74.0 kHz d)
[  2877.653] (II) modeset(0): Modeline "960x540"x119.9   86.50  960 1024 1124 1288  540 541 544 560 doublescan -hsync +vsync (67.2 kHz d)
[  2877.653] (II) modeset(0): Modeline "960x540"x120.0   69.25  960 984 1000 1040  540 541 544 555 doublescan +hsync -vsync (66.6 kHz d)
[  2877.653] (II) modeset(0): Modeline "960x540"x59.6   40.75  960 992 1088 1216  540 543 548 562 -hsync +vsync (33.5 kHz d)
[  2877.653] (II) modeset(0): Modeline "960x540"x59.8   37.25  960 1008 1040 1120  540 543 548 556 +hsync -vsync (33.3 kHz d)
[  2877.653] (II) modeset(0): Modeline "800x600"x120.0   81.00  800 832 928 1080  600 600 602 625 doublescan +hsync +vsync (75.0 kHz d)
[  2877.653] (II) modeset(0): Modeline "800x600"x60.3   40.00  800 840 968 1056  600 601 605 628 +hsync +vsync (37.9 kHz d)
[  2877.653] (II) modeset(0): Modeline "800x600"x56.2   36.00  800 824 896 1024  600 601 603 625 +hsync +vsync (35.2 kHz d)
[  2877.653] (II) modeset(0): Modeline "840x525"x120.0   73.12  840 892 980 1120  525 526 529 544 doublescan -hsync +vsync (65.3 kHz d)
[  2877.653] (II) modeset(0): Modeline "840x525"x119.8   59.50  840 864 880 920  525 526 529 540 doublescan +hsync -vsync (64.7 kHz d)
[  2877.653] (II) modeset(0): Modeline "864x486"x59.9   32.50  864 888 968 1072  486 489 494 506 -hsync +vsync (30.3 kHz d)
[  2877.653] (II) modeset(0): Modeline "864x486"x59.6   30.50  864 912 944 1024  486 489 494 500 +hsync -vsync (29.8 kHz d)
[  2877.654] (II) modeset(0): Modeline "700x525"x120.0   61.00  700 744 820 940  525 526 532 541 doublescan +hsync +vsync (64.9 kHz d)
[  2877.654] (II) modeset(0): Modeline "800x450"x119.9   59.12  800 848 928 1056  450 451 454 467 doublescan -hsync +vsync (56.0 kHz d)
[  2877.654] (II) modeset(0): Modeline "800x450"x119.6   48.75  800 824 840 880  450 451 454 463 doublescan +hsync -vsync (55.4 kHz d)
[  2877.654] (II) modeset(0): Modeline "640x512"x120.0   54.00  640 664 720 844  512 512 514 533 doublescan +hsync +vsync (64.0 kHz d)
[  2877.654] (II) modeset(0): Modeline "700x450"x119.9   51.75  700 740 812 924  450 451 456 467 doublescan -hsync +vsync (56.0 kHz d)
[  2877.654] (II) modeset(0): Modeline "700x450"x119.8   43.25  700 724 740 780  450 451 456 463 doublescan +hsync -vsync (55.4 kHz d)
[  2877.654] (II) modeset(0): Modeline "640x480"x120.0   54.00  640 688 744 900  480 480 482 500 doublescan +hsync +vsync (60.0 kHz d)
[  2877.654] (II) modeset(0): Modeline "640x480"x59.9   25.18  640 656 752 800  480 490 492 525 -hsync -vsync (31.5 kHz d)
[  2877.654] (II) modeset(0): Modeline "720x405"x59.5   22.50  720 744 808 896  405 408 413 422 -hsync +vsync (25.1 kHz d)
[  2877.654] (II) modeset(0): Modeline "720x405"x59.0   21.75  720 768 800 880  405 408 413 419 +hsync -vsync (24.7 kHz d)
[  2877.654] (II) modeset(0): Modeline "684x384"x119.8   42.62  684 720 788 892  384 385 390 399 doublescan -hsync +vsync (47.8 kHz d)
[  2877.654] (II) modeset(0): Modeline "684x384"x119.7   36.12  684 708 724 764  384 385 390 395 doublescan +hsync -vsync (47.3 kHz d)
[  2877.654] (II) modeset(0): Modeline "640x400"x119.8   41.75  640 676 740 840  400 401 404 415 doublescan -hsync +vsync (49.7 kHz d)
[  2877.654] (II) modeset(0): Modeline "640x400"x120.0   35.50  640 664 680 720  400 401 404 411 doublescan +hsync -vsync (49.3 kHz d)
[  2877.654] (II) modeset(0): Modeline "640x360"x119.7   37.25  640 672 736 832  360 361 364 374 doublescan -hsync +vsync (44.8 kHz d)
[  2877.654] (II) modeset(0): Modeline "640x360"x119.7   31.88  640 664 680 720  360 361 364 370 doublescan +hsync -vsync (44.3 kHz d)
[  2877.654] (II) modeset(0): Modeline "640x360"x59.8   18.00  640 664 720 800  360 363 368 376 -hsync +vsync (22.5 kHz d)
[  2877.654] (II) modeset(0): Modeline "640x360"x59.3   17.75  640 688 720 800  360 363 368 374 +hsync -vsync (22.2 kHz d)
[  2877.654] (II) modeset(0): Modeline "512x384"x120.0   32.50  512 524 592 672  384 385 388 403 doublescan -hsync -vsync (48.4 kHz d)
[  2877.654] (II) modeset(0): Modeline "512x288"x120.0   23.25  512 532 580 648  288 289 292 299 doublescan -hsync +vsync (35.9 kHz d)
[  2877.654] (II) modeset(0): Modeline "512x288"x119.8   21.00  512 536 552 592  288 289 292 296 doublescan +hsync -vsync (35.5 kHz d)
[  2877.654] (II) modeset(0): Modeline "480x270"x119.3   20.38  480 496 544 608  270 271 274 281 doublescan -hsync +vsync (33.5 kHz d)
[  2877.654] (II) modeset(0): Modeline "480x270"x119.6   18.62  480 504 520 560  270 271 274 278 doublescan +hsync -vsync (33.3 kHz d)
[  2877.654] (II) modeset(0): Modeline "400x300"x120.6   20.00  400 420 484 528  300 300 302 314 doublescan +hsync +vsync (37.9 kHz d)
[  2877.654] (II) modeset(0): Modeline "400x300"x112.7   18.00  400 412 448 512  300 300 301 312 doublescan +hsync +vsync (35.2 kHz d)
[  2877.654] (II) modeset(0): Modeline "432x243"x119.8   16.25  432 444 484 536  243 244 247 253 doublescan -hsync +vsync (30.3 kHz d)
[  2877.654] (II) modeset(0): Modeline "432x243"x119.1   15.25  432 456 472 512  243 244 247 250 doublescan +hsync -vsync (29.8 kHz d)
[  2877.654] (II) modeset(0): Modeline "320x240"x120.1   12.59  320 328 376 400  240 245 246 262 doublescan -hsync -vsync (31.5 kHz d)
[  2877.654] (II) modeset(0): Modeline "360x202"x119.0   11.25  360 372 404 448  202 204 206 211 doublescan -hsync +vsync (25.1 kHz d)
[  2877.654] (II) modeset(0): Modeline "360x202"x118.3   10.88  360 384 400 440  202 204 206 209 doublescan +hsync -vsync (24.7 kHz d)
[  2877.654] (II) modeset(0): Modeline "320x180"x119.7    9.00  320 332 360 400  180 181 184 188 doublescan -hsync +vsync (22.5 kHz d)
[  2877.654] (II) modeset(0): Modeline "320x180"x118.6    8.88  320 344 360 400  180 181 184 187 doublescan +hsync -vsync (22.2 kHz d)
[  2877.657] (II) modeset(0): EDID for output HDMI-1
[  2877.661] (II) modeset(0): EDID for output DP-1
[  2877.732] (II) modeset(0): EDID for output HDMI-2
[  2877.732] (II) modeset(0): Output eDP-1 connected
[  2877.732] (II) modeset(0): Output HDMI-1 disconnected
[  2877.732] (II) modeset(0): Output DP-1 disconnected
[  2877.732] (II) modeset(0): Output HDMI-2 disconnected
[  2877.732] (II) modeset(0): Using exact sizes for initial modes
[  2877.732] (II) modeset(0): Output eDP-1 using initial mode 1366x768 +0+0
[  2877.732] (==) modeset(0): Using gamma correction (1.0, 1.0, 1.0)
[  2877.732] (==) modeset(0): DPI set to (96, 96)
[  2877.732] (II) Loading sub module "fb"
[  2877.732] (II) LoadModule: "fb"
[  2877.732] (II) Module "fb" already built-in
[  2877.831] (==) modeset(0): Backing store enabled
[  2877.831] (==) modeset(0): Silken mouse enabled
[  2877.902] (II) modeset(0): Initializing kms color map for depth 24, 8 bpc.
[  2877.902] (==) modeset(0): DPMS enabled
[  2877.903] (II) modeset(0): [DRI2] Setup complete
[  2877.903] (II) modeset(0): [DRI2]   DRI driver: iris
[  2877.903] (II) modeset(0): [DRI2]   VDPAU driver: va_gl
[  2877.903] (II) Initializing extension Generic Event Extension
[  2877.903] (II) Initializing extension SHAPE
[  2877.903] (II) Initializing extension MIT-SHM
[  2877.903] (II) Initializing extension XInputExtension
[  2877.904] (II) Initializing extension XTEST
[  2877.904] (II) Initializing extension BIG-REQUESTS
[  2877.904] (II) Initializing extension SYNC
[  2877.904] (II) Initializing extension XKEYBOARD
[  2877.904] (II) Initializing extension XC-MISC
[  2877.905] (II) Initializing extension SECURITY
[  2877.905] (II) Initializing extension XFIXES
[  2877.905] (II) Initializing extension RENDER
[  2877.905] (II) Initializing extension RANDR
[  2877.906] (II) Initializing extension COMPOSITE
[  2877.906] (II) Initializing extension DAMAGE
[  2877.906] (II) Initializing extension MIT-SCREEN-SAVER
[  2877.907] (II) Initializing extension DOUBLE-BUFFER
[  2877.907] (II) Initializing extension RECORD
[  2877.907] (II) Initializing extension DPMS
[  2877.907] (II) Initializing extension Present
[  2877.908] (II) Initializing extension DRI3
[  2877.908] (II) Initializing extension X-Resource
[  2877.908] (II) Initializing extension XVideo
[  2877.908] (II) Initializing extension XVideo-MotionCompensation
[  2877.908] (II) Initializing extension GLX
[  2878.052] (II) AIGLX: Loaded and initialized iris
[  2878.052] (II) GLX: Initialized DRI2 GL provider for screen 0
[  2878.052] (II) Initializing extension XFree86-VidModeExtension
[  2878.052] (II) Initializing extension XFree86-DGA
[  2878.053] (II) Initializing extension XFree86-DRI
[  2878.053] (II) Initializing extension DRI2
[  2878.053] (II) modeset(0): Damage tracking initialized
[  2878.053] (II) modeset(0): Setting screen physical size to 361 x 203
[  2878.136] (II) config/udev: Adding input device GeneralPlus USB Audio Device (/dev/input/event5)
[  2878.136] (**) GeneralPlus USB Audio Device: Applying InputClass "libinput keyboard catchall"
[  2878.136] (**) GeneralPlus USB Audio Device: Applying InputClass "system-keyboard"
[  2878.136] (II) LoadModule: "libinput"
[  2878.136] (II) Loading /usr/lib/xorg/modules/input/libinput_drv.so
[  2878.157] (II) Module libinput: vendor="X.Org Foundation"
[  2878.157] 	compiled for 1.21.1.13, module version = 1.5.0
[  2878.157] 	Module class: X.Org XInput Driver
[  2878.157] 	ABI class: X.Org XInput driver, version 24.4
[  2878.157] (II) Using input driver 'libinput' for 'GeneralPlus USB Audio Device'
[  2878.158] (II) systemd-logind: got fd for /dev/input/event5 13:69 fd 25 paused 0
[  2878.158] (**) GeneralPlus USB Audio Device: always reports core events
[  2878.158] (**) Option "Device" "/dev/input/event5"
[  2878.162] (II) event5  - GeneralPlus USB Audio Device: is tagged by udev as: Keyboard
[  2878.162] (II) event5  - GeneralPlus USB Audio Device: device is a keyboard
[  2878.162] (II) event5  - GeneralPlus USB Audio Device: device removed
[  2878.162] (**) Option "config_info" "udev:/sys/devices/pci0000:00/0000:00:14.0/usb1/1-3/1-3:1.3/0003:1B3F:2008.0001/input/input6/event5"
[  2878.162] (II) XINPUT: Adding extended input device "GeneralPlus USB Audio Device" (type: KEYBOARD, id 6)
[  2878.162] (**) Option "xkb_model" "pc105+inet"
[  2878.162] (**) Option "xkb_layout" "us"
[  2878.162] (**) Option "xkb_options" "terminate:ctrl_alt_bksp"
[  2878.187] (II) event5  - GeneralPlus USB Audio Device: is tagged by udev as: Keyboard
[  2878.187] (II) event5  - GeneralPlus USB Audio Device: device is a keyboard
[  2878.189] (II) config/udev: Adding input device DELL08D2:00 04F3:30C4 Mouse (/dev/input/event7)
[  2878.189] (**) DELL08D2:00 04F3:30C4 Mouse: Applying InputClass "libinput pointer catchall"
[  2878.189] (II) Using input driver 'libinput' for 'DELL08D2:00 04F3:30C4 Mouse'
[  2878.192] (II) systemd-logind: got fd for /dev/input/event7 13:71 fd 28 paused 0
[  2878.192] (**) DELL08D2:00 04F3:30C4 Mouse: always reports core events
[  2878.192] (**) Option "Device" "/dev/input/event7"
[  2878.194] (II) event7  - DELL08D2:00 04F3:30C4 Mouse: is tagged by udev as: Mouse
[  2878.194] (II) event7  - DELL08D2:00 04F3:30C4 Mouse: device is a pointer
[  2878.194] (II) event7  - DELL08D2:00 04F3:30C4 Mouse: device removed
[  2878.194] (II) libinput: DELL08D2:00 04F3:30C4 Mouse: Step value 0 was provided, libinput Fallback acceleration function is used.
[  2878.194] (II) libinput: DELL08D2:00 04F3:30C4 Mouse: Step value 0 was provided, libinput Fallback acceleration function is used.
[  2878.194] (II) libinput: DELL08D2:00 04F3:30C4 Mouse: Step value 0 was provided, libinput Fallback acceleration function is used.
[  2878.194] (**) Option "config_info" "udev:/sys/devices/pci0000:00/0000:00:15.0/i2c_designware.0/i2c-0/i2c-DELL08D2:00/0018:04F3:30C4.0002/input/input16/event7"
[  2878.195] (II) XINPUT: Adding extended input device "DELL08D2:00 04F3:30C4 Mouse" (type: MOUSE, id 7)
[  2878.195] (**) Option "AccelerationScheme" "none"
[  2878.195] (**) DELL08D2:00 04F3:30C4 Mouse: (accel) selected scheme none/0
[  2878.195] (**) DELL08D2:00 04F3:30C4 Mouse: (accel) acceleration factor: 2.000
[  2878.195] (**) DELL08D2:00 04F3:30C4 Mouse: (accel) acceleration threshold: 4
[  2878.196] (II) event7  - DELL08D2:00 04F3:30C4 Mouse: is tagged by udev as: Mouse
[  2878.197] (II) event7  - DELL08D2:00 04F3:30C4 Mouse: device is a pointer
[  2878.198] (II) config/udev: Adding input device DELL08D2:00 04F3:30C4 Mouse (/dev/input/mouse0)
[  2878.198] (II) No input driver specified, ignoring this device.
[  2878.198] (II) This device may have been added with another device file.
[  2878.199] (II) config/udev: Adding input device DELL08D2:00 04F3:30C4 Touchpad (/dev/input/event8)
[  2878.199] (**) DELL08D2:00 04F3:30C4 Touchpad: Applying InputClass "libinput touchpad catchall"
[  2878.199] (II) Using input driver 'libinput' for 'DELL08D2:00 04F3:30C4 Touchpad'
[  2878.200] (II) systemd-logind: got fd for /dev/input/event8 13:72 fd 29 paused 0
[  2878.200] (**) DELL08D2:00 04F3:30C4 Touchpad: always reports core events
[  2878.200] (**) Option "Device" "/dev/input/event8"
[  2878.202] (II) event8  - DELL08D2:00 04F3:30C4 Touchpad: is tagged by udev as: Touchpad
[  2878.205] (II) event8  - DELL08D2:00 04F3:30C4 Touchpad: device is a touchpad
[  2878.205] (II) event8  - DELL08D2:00 04F3:30C4 Touchpad: device removed
[  2878.205] (II) libinput: DELL08D2:00 04F3:30C4 Touchpad: Step value 0 was provided, libinput Fallback acceleration function is used.
[  2878.205] (II) libinput: DELL08D2:00 04F3:30C4 Touchpad: Step value 0 was provided, libinput Fallback acceleration function is used.
[  2878.205] (II) libinput: DELL08D2:00 04F3:30C4 Touchpad: Step value 0 was provided, libinput Fallback acceleration function is used.
[  2878.206] (**) Option "config_info" "udev:/sys/devices/pci0000:00/0000:00:15.0/i2c_designware.0/i2c-0/i2c-DELL08D2:00/0018:04F3:30C4.0002/input/input17/event8"
[  2878.206] (II) XINPUT: Adding extended input device "DELL08D2:00 04F3:30C4 Touchpad" (type: TOUCHPAD, id 8)
[  2878.208] (**) Option "AccelerationScheme" "none"
[  2878.208] (**) DELL08D2:00 04F3:30C4 Touchpad: (accel) selected scheme none/0
[  2878.208] (**) DELL08D2:00 04F3:30C4 Touchpad: (accel) acceleration factor: 2.000
[  2878.208] (**) DELL08D2:00 04F3:30C4 Touchpad: (accel) acceleration threshold: 4
[  2878.210] (II) event8  - DELL08D2:00 04F3:30C4 Touchpad: is tagged by udev as: Touchpad
[  2878.213] (II) event8  - DELL08D2:00 04F3:30C4 Touchpad: device is a touchpad
[  2878.214] (II) config/udev: Adding input device DELL08D2:00 04F3:30C4 Touchpad (/dev/input/mouse1)
[  2878.214] (II) No input driver specified, ignoring this device.
[  2878.214] (II) This device may have been added with another device file.
[  2878.215] (II) config/udev: Adding input device HDA Intel PCH Headphone Mic (/dev/input/event14)
[  2878.215] (II) No input driver specified, ignoring this device.
[  2878.215] (II) This device may have been added with another device file.
[  2878.216] (II) config/udev: Adding input device HDA Intel PCH HDMI/DP,pcm=3 (/dev/input/event15)
[  2878.216] (II) No input driver specified, ignoring this device.
[  2878.216] (II) This device may have been added with another device file.
[  2878.217] (II) config/udev: Adding input device HDA Intel PCH HDMI/DP,pcm=7 (/dev/input/event16)
[  2878.217] (II) No input driver specified, ignoring this device.
[  2878.217] (II) This device may have been added with another device file.
[  2878.218] (II) config/udev: Adding input device HDA Intel PCH HDMI/DP,pcm=8 (/dev/input/event17)
[  2878.218] (II) No input driver specified, ignoring this device.
[  2878.218] (II) This device may have been added with another device file.
[  2878.218] (II) config/udev: Adding input device Video Bus (/dev/input/event6)
[  2878.218] (**) Video Bus: Applying InputClass "libinput keyboard catchall"
[  2878.218] (**) Video Bus: Applying InputClass "system-keyboard"
[  2878.218] (II) Using input driver 'libinput' for 'Video Bus'
[  2878.219] (II) systemd-logind: got fd for /dev/input/event6 13:70 fd 30 paused 0
[  2878.219] (**) Video Bus: always reports core events
[  2878.219] (**) Option "Device" "/dev/input/event6"
[  2878.221] (II) event6  - Video Bus: is tagged by udev as: Keyboard
[  2878.221] (II) event6  - Video Bus: device is a keyboard
[  2878.221] (II) event6  - Video Bus: device removed
[  2878.221] (**) Option "config_info" "udev:/sys/devices/pci0000:00/acpi.video_bus.0/input/input7/event6"
[  2878.221] (II) XINPUT: Adding extended input device "Video Bus" (type: KEYBOARD, id 9)
[  2878.221] (**) Option "xkb_model" "pc105+inet"
[  2878.221] (**) Option "xkb_layout" "us"
[  2878.221] (**) Option "xkb_options" "terminate:ctrl_alt_bksp"
[  2878.222] (II) event6  - Video Bus: is tagged by udev as: Keyboard
[  2878.222] (II) event6  - Video Bus: device is a keyboard
[  2878.223] (II) config/udev: Adding input device Intel HID events (/dev/input/event9)
[  2878.223] (**) Intel HID events: Applying InputClass "libinput keyboard catchall"
[  2878.223] (**) Intel HID events: Applying InputClass "system-keyboard"
[  2878.223] (II) Using input driver 'libinput' for 'Intel HID events'
[  2878.224] (II) systemd-logind: got fd for /dev/input/event9 13:73 fd 31 paused 0
[  2878.224] (**) Intel HID events: always reports core events
[  2878.224] (**) Option "Device" "/dev/input/event9"
[  2878.225] (II) event9  - Intel HID events: is tagged by udev as: Keyboard
[  2878.225] (II) event9  - Intel HID events: device is a keyboard
[  2878.226] (II) event9  - Intel HID events: device removed
[  2878.226] (**) Option "config_info" "udev:/sys/devices/platform/INT33D5:00/input/input11/event9"
[  2878.226] (II) XINPUT: Adding extended input device "Intel HID events" (type: KEYBOARD, id 10)
[  2878.226] (**) Option "xkb_model" "pc105+inet"
[  2878.226] (**) Option "xkb_layout" "us"
[  2878.226] (**) Option "xkb_options" "terminate:ctrl_alt_bksp"
[  2878.227] (II) event9  - Intel HID events: is tagged by udev as: Keyboard
[  2878.227] (II) event9  - Intel HID events: device is a keyboard
[  2878.228] (II) config/udev: Adding input device Intel HID 5 button array (/dev/input/event10)
[  2878.228] (**) Intel HID 5 button array: Applying InputClass "libinput keyboard catchall"
[  2878.228] (**) Intel HID 5 button array: Applying InputClass "system-keyboard"
[  2878.228] (II) Using input driver 'libinput' for 'Intel HID 5 button array'
[  2878.229] (II) systemd-logind: got fd for /dev/input/event10 13:74 fd 32 paused 0
[  2878.229] (**) Intel HID 5 button array: always reports core events
[  2878.229] (**) Option "Device" "/dev/input/event10"
[  2878.230] (II) event10 - Intel HID 5 button array: is tagged by udev as: Keyboard
[  2878.230] (II) event10 - Intel HID 5 button array: device is a keyboard
[  2878.230] (II) event10 - Intel HID 5 button array: device removed
[  2878.230] (**) Option "config_info" "udev:/sys/devices/platform/INT33D5:00/input/input12/event10"
[  2878.230] (II) XINPUT: Adding extended input device "Intel HID 5 button array" (type: KEYBOARD, id 11)
[  2878.230] (**) Option "xkb_model" "pc105+inet"
[  2878.230] (**) Option "xkb_layout" "us"
[  2878.230] (**) Option "xkb_options" "terminate:ctrl_alt_bksp"
[  2878.231] (II) event10 - Intel HID 5 button array: is tagged by udev as: Keyboard
[  2878.232] (II) event10 - Intel HID 5 button array: device is a keyboard
[  2878.232] (II) config/udev: Adding input device Power Button (/dev/input/event3)
[  2878.232] (**) Power Button: Applying InputClass "libinput keyboard catchall"
[  2878.232] (**) Power Button: Applying InputClass "system-keyboard"
[  2878.232] (II) Using input driver 'libinput' for 'Power Button'
[  2878.233] (II) systemd-logind: got fd for /dev/input/event3 13:67 fd 33 paused 0
[  2878.233] (**) Power Button: always reports core events
[  2878.233] (**) Option "Device" "/dev/input/event3"
[  2878.235] (II) event3  - Power Button: is tagged by udev as: Keyboard
[  2878.235] (II) event3  - Power Button: device is a keyboard
[  2878.235] (II) event3  - Power Button: device removed
[  2878.235] (**) Option "config_info" "udev:/sys/devices/platform/LNXPWRBN:00/input/input3/event3"
[  2878.235] (II) XINPUT: Adding extended input device "Power Button" (type: KEYBOARD, id 12)
[  2878.235] (**) Option "xkb_model" "pc105+inet"
[  2878.235] (**) Option "xkb_layout" "us"
[  2878.235] (**) Option "xkb_options" "terminate:ctrl_alt_bksp"
[  2878.236] (II) event3  - Power Button: is tagged by udev as: Keyboard
[  2878.236] (II) event3  - Power Button: device is a keyboard
[  2878.237] (II) config/udev: Adding input device Power Button (/dev/input/event1)
[  2878.237] (**) Power Button: Applying InputClass "libinput keyboard catchall"
[  2878.237] (**) Power Button: Applying InputClass "system-keyboard"
[  2878.237] (II) Using input driver 'libinput' for 'Power Button'
[  2878.238] (II) systemd-logind: got fd for /dev/input/event1 13:65 fd 34 paused 0
[  2878.238] (**) Power Button: always reports core events
[  2878.238] (**) Option "Device" "/dev/input/event1"
[  2878.239] (II) event1  - Power Button: is tagged by udev as: Keyboard
[  2878.239] (II) event1  - Power Button: device is a keyboard
[  2878.239] (II) event1  - Power Button: device removed
[  2878.239] (**) Option "config_info" "udev:/sys/devices/platform/PNP0C0C:00/input/input1/event1"
[  2878.239] (II) XINPUT: Adding extended input device "Power Button" (type: KEYBOARD, id 13)
[  2878.239] (**) Option "xkb_model" "pc105+inet"
[  2878.239] (**) Option "xkb_layout" "us"
[  2878.239] (**) Option "xkb_options" "terminate:ctrl_alt_bksp"
[  2878.240] (II) event1  - Power Button: is tagged by udev as: Keyboard
[  2878.241] (II) event1  - Power Button: device is a keyboard
[  2878.241] (II) config/udev: Adding input device Lid Switch (/dev/input/event0)
[  2878.241] (II) No input driver specified, ignoring this device.
[  2878.241] (II) This device may have been added with another device file.
[  2878.242] (II) config/udev: Adding input device Sleep Button (/dev/input/event2)
[  2878.242] (**) Sleep Button: Applying InputClass "libinput keyboard catchall"
[  2878.242] (**) Sleep Button: Applying InputClass "system-keyboard"
[  2878.242] (II) Using input driver 'libinput' for 'Sleep Button'
[  2878.243] (II) systemd-logind: got fd for /dev/input/event2 13:66 fd 35 paused 0
[  2878.243] (**) Sleep Button: always reports core events
[  2878.243] (**) Option "Device" "/dev/input/event2"
[  2878.244] (II) event2  - Sleep Button: is tagged by udev as: Keyboard
[  2878.244] (II) event2  - Sleep Button: device is a keyboard
[  2878.244] (II) event2  - Sleep Button: device removed
[  2878.244] (**) Option "config_info" "udev:/sys/devices/platform/PNP0C0E:00/input/input2/event2"
[  2878.244] (II) XINPUT: Adding extended input device "Sleep Button" (type: KEYBOARD, id 14)
[  2878.244] (**) Option "xkb_model" "pc105+inet"
[  2878.244] (**) Option "xkb_layout" "us"
[  2878.244] (**) Option "xkb_options" "terminate:ctrl_alt_bksp"
[  2878.246] (II) event2  - Sleep Button: is tagged by udev as: Keyboard
[  2878.246] (II) event2  - Sleep Button: device is a keyboard
[  2878.247] (II) config/udev: Adding input device Dell WMI hotkeys (/dev/input/event12)
[  2878.247] (**) Dell WMI hotkeys: Applying InputClass "libinput keyboard catchall"
[  2878.247] (**) Dell WMI hotkeys: Applying InputClass "system-keyboard"
[  2878.247] (II) Using input driver 'libinput' for 'Dell WMI hotkeys'
[  2878.248] (II) systemd-logind: got fd for /dev/input/event12 13:76 fd 36 paused 0
[  2878.248] (**) Dell WMI hotkeys: always reports core events
[  2878.248] (**) Option "Device" "/dev/input/event12"
[  2878.250] (II) event12 - Dell WMI hotkeys: is tagged by udev as: Keyboard
[  2878.250] (II) event12 - Dell WMI hotkeys: device is a keyboard
[  2878.250] (II) event12 - Dell WMI hotkeys: device removed
[  2878.250] (**) Option "config_info" "udev:/sys/devices/platform/PNP0C14:00/wmi_bus/wmi_bus-PNP0C14:00/9DBB5994-A997-11DA-B012-B622A1EF5492-2/input/input15/event12"
[  2878.250] (II) XINPUT: Adding extended input device "Dell WMI hotkeys" (type: KEYBOARD, id 15)
[  2878.250] (**) Option "xkb_model" "pc105+inet"
[  2878.250] (**) Option "xkb_layout" "us"
[  2878.250] (**) Option "xkb_options" "terminate:ctrl_alt_bksp"
[  2878.252] (II) event12 - Dell WMI hotkeys: is tagged by udev as: Keyboard
[  2878.252] (II) event12 - Dell WMI hotkeys: device is a keyboard
[  2878.253] (II) config/udev: Adding input device AT Translated Set 2 keyboard (/dev/input/event4)
[  2878.253] (**) AT Translated Set 2 keyboard: Applying InputClass "libinput keyboard catchall"
[  2878.253] (**) AT Translated Set 2 keyboard: Applying InputClass "system-keyboard"
[  2878.253] (II) Using input driver 'libinput' for 'AT Translated Set 2 keyboard'
[  2878.254] (II) systemd-logind: got fd for /dev/input/event4 13:68 fd 37 paused 0
[  2878.254] (**) AT Translated Set 2 keyboard: always reports core events
[  2878.254] (**) Option "Device" "/dev/input/event4"
[  2878.256] (II) event4  - AT Translated Set 2 keyboard: is tagged by udev as: Keyboard
[  2878.256] (II) event4  - AT Translated Set 2 keyboard: device is a keyboard
[  2878.257] (II) event4  - AT Translated Set 2 keyboard: device removed
[  2878.257] (**) Option "config_info" "udev:/sys/devices/platform/i8042/serio0/input/input4/event4"
[  2878.257] (II) XINPUT: Adding extended input device "AT Translated Set 2 keyboard" (type: KEYBOARD, id 16)
[  2878.257] (**) Option "xkb_model" "pc105+inet"
[  2878.257] (**) Option "xkb_layout" "us"
[  2878.257] (**) Option "xkb_options" "terminate:ctrl_alt_bksp"
[  2878.258] (II) event4  - AT Translated Set 2 keyboard: is tagged by udev as: Keyboard
[  2878.258] (II) event4  - AT Translated Set 2 keyboard: device is a keyboard
[  2878.260] (II) config/udev: Adding input device ImPS/2 Logitech Wheel Mouse (/dev/input/event13)
[  2878.260] (**) ImPS/2 Logitech Wheel Mouse: Applying InputClass "libinput pointer catchall"
[  2878.261] (II) Using input driver 'libinput' for 'ImPS/2 Logitech Wheel Mouse'
[  2878.261] (II) systemd-logind: got fd for /dev/input/event13 13:77 fd 38 paused 0
[  2878.261] (**) ImPS/2 Logitech Wheel Mouse: always reports core events
[  2878.261] (**) Option "Device" "/dev/input/event13"
[  2878.263] (II) event13 - ImPS/2 Logitech Wheel Mouse: is tagged by udev as: Mouse
[  2878.263] (II) event13 - ImPS/2 Logitech Wheel Mouse: emulating high-resolution scroll wheel events.
[  2878.263] (II) event13 - ImPS/2 Logitech Wheel Mouse: device set to 400 DPI
[  2878.263] (II) event13 - ImPS/2 Logitech Wheel Mouse: device is a pointer
[  2878.264] (II) event13 - ImPS/2 Logitech Wheel Mouse: device removed
[  2878.264] (II) libinput: ImPS/2 Logitech Wheel Mouse: Step value 0 was provided, libinput Fallback acceleration function is used.
[  2878.264] (II) libinput: ImPS/2 Logitech Wheel Mouse: Step value 0 was provided, libinput Fallback acceleration function is used.
[  2878.264] (II) libinput: ImPS/2 Logitech Wheel Mouse: Step value 0 was provided, libinput Fallback acceleration function is used.
[  2878.264] (**) Option "config_info" "udev:/sys/devices/platform/i8042/serio1/input/input13/event13"
[  2878.264] (II) XINPUT: Adding extended input device "ImPS/2 Logitech Wheel Mouse" (type: MOUSE, id 17)
[  2878.264] (**) Option "AccelerationScheme" "none"
[  2878.264] (**) ImPS/2 Logitech Wheel Mouse: (accel) selected scheme none/0
[  2878.264] (**) ImPS/2 Logitech Wheel Mouse: (accel) acceleration factor: 2.000
[  2878.264] (**) ImPS/2 Logitech Wheel Mouse: (accel) acceleration threshold: 4
[  2878.265] (II) event13 - ImPS/2 Logitech Wheel Mouse: is tagged by udev as: Mouse
[  2878.265] (II) event13 - ImPS/2 Logitech Wheel Mouse: emulating high-resolution scroll wheel events.
[  2878.265] (II) event13 - ImPS/2 Logitech Wheel Mouse: device set to 400 DPI
[  2878.265] (II) event13 - ImPS/2 Logitech Wheel Mouse: device is a pointer
[  2878.266] (II) config/udev: Adding input device ImPS/2 Logitech Wheel Mouse (/dev/input/mouse2)
[  2878.266] (II) No input driver specified, ignoring this device.
[  2878.266] (II) This device may have been added with another device file.
[  2878.267] (II) config/udev: Adding input device PC Speaker (/dev/input/event11)
[  2878.267] (II) No input driver specified, ignoring this device.
[  2878.267] (II) This device may have been added with another device file.
